I'm sorry, but errors were detected in your script. Please correct the
errors listed below, and try again.


File "game/Chapter1.rpy", line 106: invalid syntax
    renpy.music.queue("audio/INTRO.mp3" fadein=1)
                                              ^
    

Ren'Py Version: Ren'Py 7.3.5.606
Wed Jul 22 03:50:20 2020
